Microchip MPLAB XC8 Compiler V2.10 ()

Linker command line:

-W-3 --edf=E:\Applications\Microchip\xc8\v2.10\pic\dat\en_msgs.txt -cs \
  -h+dist/default/production\Clock.X.production.sym \
  --cmf=dist/default/production\Clock.X.production.cmf -z -Q16F877A \
  -oC:\Users\ATIQUR~1\AppData\Local\Temp\s6rk.2 --defsym=__MPLAB_BUILD=1 \
  -Mdist/default/production/Clock.X.production.map -E1 -ver=XC8 \
  --acfsm=1493 -ASTACK=0110h-016Fh -pstack=STACK -ACODE=00h-07FFhx4 \
  -ASTRCODE=00h-01FFFh -ASTRING=00h-0FFhx32 -ACONST=00h-0FFhx32 \
  -AENTRY=00h-0FFhx32 -ACOMMON=070h-07Fh -ABANK0=020h-06Fh \
  -ABANK1=0A0h-0EFh -ABANK2=0110h-016Fh -ABANK3=0190h-01EFh \
  -ARAM=020h-06Fh,0A0h-0EFh,0110h-016Fh,0190h-01EFh \
  -AABS1=020h-07Fh,0A0h-0EFh,0110h-016Fh,0190h-01EFh -ASFR0=00h-01Fh \
  -ASFR1=080h-09Fh -ASFR2=0100h-010Fh -ASFR3=0180h-018Fh \
  -preset_vec=00h,intentry,init,end_init -ppowerup=CODE -pcinit=CODE \
  -pfunctab=ENTRY -ACONFIG=02007h-02007h -pconfig=CONFIG -DCONFIG=2 \
  -AIDLOC=02000h-02003h -pidloc=IDLOC -DIDLOC=2 -AEEDATA=00h-0FFh/02100h \
  -peeprom_data=EEDATA -DEEDATA=2 -DCODE=2 -DSTRCODE=2 -DSTRING=2 -DCONST=2 \
  -DENTRY=2 -k C:\Users\ATIQUR~1\AppData\Local\Temp\s6rk.o \
  dist/default/production\Clock.X.production.o 

Object code version is 3.11

Machine type is 16F877A



                Name                               Link     Load   Length Selector   Space Scale
C:\Users\ATIQUR~1\AppData\Local\Temp\s6rk.o
                end_init                              0        0        3        0       0
                config                             2007     2007        1     400E       0
dist/default/production\Clock.X.production.o
                cinit                               7E2      7E2       1E      FC4       0
                text13                              4AE      4AE       68      95C       0
                text12                              355      355       46      6AA       0
                text11                              39B      39B       53      736       0
                text10                              2DE      2DE       25      5BC       0
                text9                               303      303       25      606       0
                text8                               29C      29C        D      538       0
                text7                               280      280        9      500       0
                text6                               289      289        9      512       0
                text5                               328      328       2D      650       0
                text4                               292      292        A      524       0
                text3                               516      516       E4      A2C       0
                text2                               447      447       67      88E       0
                text1                               3EE      3EE       59      7DC       0
                maintext                            5FA      5FA      1E8      BF4       0
                cstackBANK0                          42       42       17       20       1
                cstackCOMMON                         70       70        E       70       1
                inittext                            2A9      2A9       13      552       0
                dataBANK0                            20       20       22       20       1
                bssBANK0                             59       59        C       20       1
                idataBANK0                          2BC      2BC       22      578       0

TOTAL           Name                               Link     Load   Length     Space
        CLASS   STACK          

        CLASS   CODE           
                end_init                              0        0        3         0
                cinit                               7E2      7E2       1E         0
                text13                              4AE      4AE       68         0
                text12                              355      355       46         0
                text11                              39B      39B       53         0
                text10                              2DE      2DE       25         0
                text9                               303      303       25         0
                text8                               29C      29C        D         0
                text7                               280      280        9         0
                text6                               289      289        9         0
                text5                               328      328       2D         0
                text4                               292      292        A         0
                text3                               516      516       E4         0
                text2                               447      447       67         0
                text1                               3EE      3EE       59         0
                maintext                            5FA      5FA      1E8         0
                inittext                            2A9      2A9       13         0
                idataBANK0                          2BC      2BC       22         0

        CLASS   STRCODE        

        CLASS   STRING         

        CLASS   CONST          

        CLASS   ENTRY          

        CLASS   COMMON         
                cstackCOMMON                         70       70        E         1

        CLASS   BANK0          
                cstackBANK0                          42       42       17         1
                dataBANK0                            20       20       22         1
                bssBANK0                             59       59        C         1

        CLASS   BANK1          

        CLASS   BANK2          

        CLASS   BANK3          

        CLASS   RAM            

        CLASS   ABS1           
                abs_s1                               7E       7E        2         1

        CLASS   SFR0           

        CLASS   SFR1           

        CLASS   SFR2           

        CLASS   SFR3           

        CLASS   CONFIG         
                config                             2007     2007        1         0

        CLASS   IDLOC          

        CLASS   EEDATA         



SEGMENTS        Name                           Load    Length   Top    Selector   Space  Class     Delta

                reset_vec                      000000  000003  000003         0       0  CODE        2
                dataBANK0                      000020  000045  000065        20       1  BANK0       1
                cstackCOMMON                   000070  00000E  00007E        70       1  COMMON      1
                text7                          000280  000009  000289       500       0  CODE        2
                text6                          000289  000009  000292       512       0  CODE        2
                text4                          000292  00000A  00029C       524       0  CODE        2
                text8                          00029C  00000D  0002A9       538       0  CODE        2
                inittext                       0002A9  000013  0002BC       552       0  CODE        2
                idataBANK0                     0002BC  000022  0002DE       578       0  CODE        2
                text10                         0002DE  000025  000303       5BC       0  CODE        2
                text9                          000303  000025  000328       606       0  CODE        2
                text5                          000328  00002D  000355       650       0  CODE        2
                text12                         000355  000046  00039B       6AA       0  CODE        2
                text11                         00039B  000053  0003EE       736       0  CODE        2
                text1                          0003EE  000059  000447       7DC       0  CODE        2
                text2                          000447  000067  0004AE       88E       0  CODE        2
                text13                         0004AE  000068  000516       95C       0  CODE        2
                text3                          000516  0000E4  0005FA       A2C       0  CODE        2
                maintext                       0005FA  0001E8  0007E2       BF4       0  CODE        2
                cinit                          0007E2  00001E  000800       FC4       0  CODE        2
                config                         002007  000001  002008      400E       0  CONFIG      2


UNUSED ADDRESS RANGES

        Name                Unused          Largest block    Delta
        BANK0            0065-006F              B           1
        BANK1            00A0-00EF             50           1
        BANK2            0110-016F             60           1
        BANK3            0190-01EF             60           1
        CODE             0003-027F            27D           2
                         0800-1FFF            800
        CONST            0003-027F            100           2
                         0800-1FFF            100
        EEDATA           2100-21FF            100           2
        ENTRY            0003-027F            100           2
                         0800-1FFF            100
        IDLOC            2000-2003              4           2
        RAM              0065-006F              B           1
                         00A0-00EF             50
                         0110-016F             60
                         0190-01EF             60
        SFR0             0000-001F             20           1
        SFR1             0080-009F             20           1
        SFR2             0100-010F             10           1
        SFR3             0180-018F             10           1
        STACK            0110-016F             60           1
        STRCODE          0003-027F            27D           2
                         0800-1FFF           1800
        STRING           0003-027F            100           2
                         0800-1FFF            100

                                  Symbol Table

?_BCD_2_DEC                        cstackCOMMON 0076
?_I2C_Read                         cstackCOMMON 0070
?___awdiv                          cstackCOMMON 0070
?___awmod                          cstackCOMMON 0070
?___lldiv                          cstackBANK0  0042
?___lmul                           cstackCOMMON 0070
?___wmul                           cstackCOMMON 0070
BCD_2_DEC@to_convert               cstackCOMMON 0076
I2C_Initialize@feq_K               cstackBANK0  004F
I2C_Read@ack                       cstackCOMMON 0070
I2C_Read@incoming                  cstackCOMMON 0074
I2C_Write@data                     cstackCOMMON 0070
_ACKDT                             (abs)        048D
_ACKEN                             (abs)        048C
_BCD_2_DEC                         text9        0303
_I2C_Begin                         text7        0280
_I2C_End                           text6        0289
_I2C_Hold                          text8        029C
_I2C_Initialize                    text11       039B
_I2C_Read                          text5        0328
_I2C_Write                         text4        0292
_PEN                               (abs)        048A
_PORTB                             (abs)        0006
_PORTD                             (abs)        0008
_RB0                               (abs)        0030
_RB1                               (abs)        0031
_RB2                               (abs)        0032
_RB3                               (abs)        0033
_RB4                               (abs)        0034
_RB5                               (abs)        0035
_RCEN                              (abs)        048B
_SEN                               (abs)        0488
_SSPADD                            (abs)        0093
_SSPBUF                            (abs)        0013
_SSPCON                            (abs)        0014
_SSPCON2                           (abs)        0091
_SSPSTAT                           (abs)        0094
_TRISB                             (abs)        0086
_TRISC3                            (abs)        043B
_TRISC4                            (abs)        043C
_TRISD                             (abs)        0088
_Update_Current_Date_Time          text3        0516
__CFG_BOREN$ON                     (abs)        0000
__CFG_CP$OFF                       (abs)        0000
__CFG_CPD$OFF                      (abs)        0000
__CFG_FOSC$HS                      (abs)        0000
__CFG_LVP$OFF                      (abs)        0000
__CFG_PWRTE$ON                     (abs)        0000
__CFG_WDTE$OFF                     (abs)        0000
__CFG_WRT$OFF                      (abs)        0000
__Habs1                            abs1         0000
__Hbank0                           bank0        0000
__Hbank1                           bank1        0000
__Hbank2                           bank2        0000
__Hbank3                           bank3        0000
__HbssBANK0                        bssBANK0     0000
__Hcinit                           cinit        0800
__Hclrtext                         clrtext      0000
__Hcode                            code         0000
__Hcommon                          common       0000
__Hconfig                          config       2008
__HcstackBANK0                     cstackBANK0  0000
__HcstackCOMMON                    cstackCOMMON 0000
__HdataBANK0                       dataBANK0    0000
__Heeprom_data                     eeprom_data  0000
__Hend_init                        end_init     0003
__Hfunctab                         functab      0000
__HidataBANK0                      idataBANK0   0000
__Hidloc                           idloc        0000
__Hinit                            init         0000
__Hinittext                        inittext     0000
__Hintentry                        intentry     0000
__Hmaintext                        maintext     0000
__Hpowerup                         powerup      0000
__Hram                             ram          0000
__Hreset_vec                       reset_vec    0000
__Hsfr0                            sfr0         0000
__Hsfr1                            sfr1         0000
__Hsfr2                            sfr2         0000
__Hsfr3                            sfr3         0000
__Hspace_0                         (abs)        2008
__Hspace_1                         (abs)        007E
__Hspace_2                         (abs)        0000
__Hspace_3                         (abs)        0000
__Hstack                           stack        0000
__Hstrings                         strings      0000
__Htext                            text         0000
__Labs1                            abs1         0000
__Lbank0                           bank0        0000
__Lbank1                           bank1        0000
__Lbank2                           bank2        0000
__Lbank3                           bank3        0000
__LbssBANK0                        bssBANK0     0000
__Lcinit                           cinit        07E2
__Lclrtext                         clrtext      0000
__Lcode                            code         0000
__Lcommon                          common       0000
__Lconfig                          config       2007
__LcstackBANK0                     cstackBANK0  0000
__LcstackCOMMON                    cstackCOMMON 0000
__LdataBANK0                       dataBANK0    0000
__Leeprom_data                     eeprom_data  0000
__Lend_init                        end_init     0000
__Lfunctab                         functab      0000
__LidataBANK0                      idataBANK0   0000
__Lidloc                           idloc        0000
__Linit                            init         0000
__Linittext                        inittext     0000
__Lintentry                        intentry     0000
__Lmaintext                        maintext     0000
__Lpowerup                         powerup      0000
__Lram                             ram          0000
__Lreset_vec                       reset_vec    0000
__Lsfr0                            sfr0         0000
__Lsfr1                            sfr1         0000
__Lsfr2                            sfr2         0000
__Lsfr3                            sfr3         0000
__Lspace_0                         (abs)        0000
__Lspace_1                         (abs)        0000
__Lspace_2                         (abs)        0000
__Lspace_3                         (abs)        0000
__Lstack                           stack        0000
__Lstrings                         strings      0000
__Ltext                            text         0000
__S0                               (abs)        2008
__S1                               (abs)        007E
__S2                               (abs)        0000
__S3                               (abs)        0000
___awdiv                           text2        0447
___awdiv@counter                   cstackCOMMON 0075
___awdiv@dividend                  cstackCOMMON 0072
___awdiv@divisor                   cstackCOMMON 0070
___awdiv@quotient                  cstackCOMMON 0077
___awdiv@sign                      cstackCOMMON 0076
___awmod                           text1        03EE
___awmod@counter                   cstackCOMMON 0075
___awmod@dividend                  cstackCOMMON 0072
___awmod@divisor                   cstackCOMMON 0070
___awmod@sign                      cstackCOMMON 0076
___int_sp                          stack        0000
___latbits                         (abs)        0002
___lldiv                           text13       04AE
___lldiv@counter                   cstackBANK0  004E
___lldiv@dividend                  cstackBANK0  0046
___lldiv@divisor                   cstackBANK0  0042
___lldiv@quotient                  cstackBANK0  004A
___lmul                            text12       0355
___lmul@multiplicand               cstackCOMMON 0074
___lmul@multiplier                 cstackCOMMON 0070
___lmul@product                    cstackCOMMON 0079
___sp                              stack        0000
___stackhi                         (abs)        0000
___stacklo                         (abs)        0000
___wmul                            text10       02DE
___wmul@multiplicand               cstackCOMMON 0072
___wmul@multiplier                 cstackCOMMON 0070
___wmul@product                    cstackCOMMON 0074
__end_of_BCD_2_DEC                 text9        0328
__end_of_I2C_Begin                 text7        0289
__end_of_I2C_End                   text6        0292
__end_of_I2C_Hold                  text8        02A9
__end_of_I2C_Initialize            text11       03EE
__end_of_I2C_Read                  text5        0355
__end_of_I2C_Write                 text4        029C
__end_of_Update_Current_Date_Time  text3        05FA
__end_of___awdiv                   text2        04AE
__end_of___awmod                   text1        0447
__end_of___lldiv                   text13       0516
__end_of___lmul                    text12       039B
__end_of___wmul                    text10       0303
__end_of__initialization           cinit        07FC
__end_of_main                      maintext     07E2
__initialization                   cinit        07E2
__pbssBANK0                        bssBANK0     0059
__pcstackBANK0                     cstackBANK0  0042
__pcstackCOMMON                    cstackCOMMON 0070
__pdataBANK0                       dataBANK0    0020
__pidataBANK0                      idataBANK0   02BC
__pmaintext                        maintext     05FA
__ptext1                           text1        03EE
__ptext10                          text10       02DE
__ptext11                          text11       039B
__ptext12                          text12       0355
__ptext13                          text13       04AE
__ptext2                           text2        0447
__ptext3                           text3        0516
__ptext4                           text4        0292
__ptext5                           text5        0328
__ptext6                           text6        0289
__ptext7                           text7        0280
__ptext8                           text8        029C
__ptext9                           text9        0303
__size_of_BCD_2_DEC                (abs)        0000
__size_of_I2C_Begin                (abs)        0000
__size_of_I2C_End                  (abs)        0000
__size_of_I2C_Hold                 (abs)        0000
__size_of_I2C_Initialize           (abs)        0000
__size_of_I2C_Read                 (abs)        0000
__size_of_I2C_Write                (abs)        0000
__size_of_Update_Current_Date_Time (abs)        0000
__size_of___awdiv                  (abs)        0000
__size_of___awmod                  (abs)        0000
__size_of___lldiv                  (abs)        0000
__size_of___lmul                   (abs)        0000
__size_of___wmul                   (abs)        0000
__size_of_main                     (abs)        0000
_date                              dataBANK0    003A
_h1                                bssBANK0     005B
_h2                                bssBANK0     0059
_hour                              dataBANK0    003C
_m1                                bssBANK0     005F
_m2                                bssBANK0     005D
_main                              maintext     05FA
_min                               dataBANK0    003E
_month                             dataBANK0    0038
_s1                                bssBANK0     0063
_s2                                bssBANK0     0061
_sec                               dataBANK0    0040
_seg                               dataBANK0    0020
_year                              dataBANK0    0036
btemp                              (abs)        007E
end_of_initialization              cinit        07FC
init_fetch0                        inittext     02A9
init_ram0                          inittext     02AD
intlevel0                          functab      0000
intlevel1                          functab      0000
intlevel2                          functab      0000
intlevel3                          functab      0000
intlevel4                          functab      0000
intlevel5                          functab      0000
reset_vec                          reset_vec    0000
start                              init         0000
start_initialization               cinit        07E2
wtemp0                             (abs)        007E


FUNCTION INFORMATION:

 *************** function _main *****************
 Defined at:
		line 48 in file "Clock.c"
 Parameters:    Size  Location     Type
		None
 Auto vars:     Size  Location     Type
		None
 Return value:  Size  Location     Type
                  2  111[None  ] int 
 Registers used:
		wreg, fsr0l, fsr0h, status,2, status,0, pclath, cstack
 Tracked objects:
		On entry : 
		On exit  : 
		Unchanged: 
 Data sizes:     COMMON   BANK0   BANK1   BANK3   BANK2
      Params:         0       0       0       0       0
      Locals:         0       0       0       0       0
      Temps:          0       2       0       0       0
      Totals:         0       2       0       0       0
Total ram usage:        2 bytes
 Hardware stack levels required when called:    3
 This function calls:
		_I2C_Initialize
		_Update_Current_Date_Time
		___awdiv
		___awmod
 This function is called by:
		Startup code after reset
 This function uses a non-reentrant model


 *************** function ___awmod *****************
 Defined at:
		line 5 in file "E:\Applications\Microchip\xc8\v2.10\pic\sources\c90\common\awmod.c"
 Parameters:    Size  Location     Type
  divisor         2    0[COMMON] int 
  dividend        2    2[COMMON] int 
 Auto vars:     Size  Location     Type
  sign            1    6[COMMON] unsigned char 
  counter         1    5[COMMON] unsigned char 
 Return value:  Size  Location     Type
                  2    0[COMMON] int 
 Registers used:
		wreg, status,2, status,0
 Tracked objects:
		On entry : 
		On exit  : 
		Unchanged: 
 Data sizes:     COMMON   BANK0   BANK1   BANK3   BANK2
      Params:         4       0       0       0       0
      Locals:         2       0       0       0       0
      Temps:          1       0       0       0       0
      Totals:         7       0       0       0       0
Total ram usage:        7 bytes
 Hardware stack levels used:    1
 This function calls:
		Nothing
 This function is called by:
		_main
		_DEC_2_BCD
 This function uses a non-reentrant model


 *************** function ___awdiv *****************
 Defined at:
		line 5 in file "E:\Applications\Microchip\xc8\v2.10\pic\sources\c90\common\awdiv.c"
 Parameters:    Size  Location     Type
  divisor         2    0[COMMON] int 
  dividend        2    2[COMMON] int 
 Auto vars:     Size  Location     Type
  quotient        2    7[COMMON] int 
  sign            1    6[COMMON] unsigned char 
  counter         1    5[COMMON] unsigned char 
 Return value:  Size  Location     Type
                  2    0[COMMON] int 
 Registers used:
		wreg, status,2, status,0
 Tracked objects:
		On entry : 
		On exit  : 
		Unchanged: 
 Data sizes:     COMMON   BANK0   BANK1   BANK3   BANK2
      Params:         4       0       0       0       0
      Locals:         4       0       0       0       0
      Temps:          1       0       0       0       0
      Totals:         9       0       0       0       0
Total ram usage:        9 bytes
 Hardware stack levels used:    1
 This function calls:
		Nothing
 This function is called by:
		_main
		_DEC_2_BCD
 This function uses a non-reentrant model


 *************** function _Update_Current_Date_Time *****************
 Defined at:
		line 41 in file "./PIC16F877a_DS3231.h"
 Parameters:    Size  Location     Type
		None
 Auto vars:     Size  Location     Type
		None
 Return value:  Size  Location     Type
                  1    wreg      void 
 Registers used:
		wreg, status,2, status,0, pclath, cstack
 Tracked objects:
		On entry : 
		On exit  : 
		Unchanged: 
 Data sizes:     COMMON   BANK0   BANK1   BANK3   BANK2
      Params:         0       0       0       0       0
      Locals:         0       0       0       0       0
      Temps:          0       0       0       0       0
      Totals:         0       0       0       0       0
Total ram usage:        0 bytes
 Hardware stack levels used:    1
 Hardware stack levels required when called:    2
 This function calls:
		_BCD_2_DEC
		_I2C_Begin
		_I2C_End
		_I2C_Read
		_I2C_Write
 This function is called by:
		_main
 This function uses a non-reentrant model


 *************** function _I2C_Write *****************
 Defined at:
		line 40 in file "./PIC16F877a_I2C.h"
 Parameters:    Size  Location     Type
  data            2    0[COMMON] unsigned int 
 Auto vars:     Size  Location     Type
		None
 Return value:  Size  Location     Type
                  1    wreg      void 
 Registers used:
		wreg, status,2, status,0, pclath, cstack
 Tracked objects:
		On entry : 
		On exit  : 
		Unchanged: 
 Data sizes:     COMMON   BANK0   BANK1   BANK3   BANK2
      Params:         2       0       0       0       0
      Locals:         0       0       0       0       0
      Temps:          0       0       0       0       0
      Totals:         2       0       0       0       0
Total ram usage:        2 bytes
 Hardware stack levels used:    1
 Hardware stack levels required when called:    1
 This function calls:
		_I2C_Hold
 This function is called by:
		_Update_Current_Date_Time
		_Set_Time_Date
 This function uses a non-reentrant model


 *************** function _I2C_Read *****************
 Defined at:
		line 46 in file "./PIC16F877a_I2C.h"
 Parameters:    Size  Location     Type
  ack             2    0[COMMON] unsigned short 
 Auto vars:     Size  Location     Type
  incoming        2    4[COMMON] unsigned short 
 Return value:  Size  Location     Type
                  2    0[COMMON] unsigned short 
 Registers used:
		wreg, status,2, status,0, pclath, cstack
 Tracked objects:
		On entry : 
		On exit  : 
		Unchanged: 
 Data sizes:     COMMON   BANK0   BANK1   BANK3   BANK2
      Params:         2       0       0       0       0
      Locals:         2       0       0       0       0
      Temps:          2       0       0       0       0
      Totals:         6       0       0       0       0
Total ram usage:        6 bytes
 Hardware stack levels used:    1
 Hardware stack levels required when called:    1
 This function calls:
		_I2C_Hold
 This function is called by:
		_Update_Current_Date_Time
 This function uses a non-reentrant model


 *************** function _I2C_End *****************
 Defined at:
		line 34 in file "./PIC16F877a_I2C.h"
 Parameters:    Size  Location     Type
		None
 Auto vars:     Size  Location     Type
		None
 Return value:  Size  Location     Type
                  1    wreg      void 
 Registers used:
		wreg, status,2, status,0, pclath, cstack
 Tracked objects:
		On entry : 
		On exit  : 
		Unchanged: 
 Data sizes:     COMMON   BANK0   BANK1   BANK3   BANK2
      Params:         0       0       0       0       0
      Locals:         0       0       0       0       0
      Temps:          0       0       0       0       0
      Totals:         0       0       0       0       0
Total ram usage:        0 bytes
 Hardware stack levels used:    1
 Hardware stack levels required when called:    1
 This function calls:
		_I2C_Hold
 This function is called by:
		_Update_Current_Date_Time
		_Set_Time_Date
 This function uses a non-reentrant model


 *************** function _I2C_Begin *****************
 Defined at:
		line 26 in file "./PIC16F877a_I2C.h"
 Parameters:    Size  Location     Type
		None
 Auto vars:     Size  Location     Type
		None
 Return value:  Size  Location     Type
                  1    wreg      void 
 Registers used:
		wreg, status,2, status,0, pclath, cstack
 Tracked objects:
		On entry : 
		On exit  : 
		Unchanged: 
 Data sizes:     COMMON   BANK0   BANK1   BANK3   BANK2
      Params:         0       0       0       0       0
      Locals:         0       0       0       0       0
      Temps:          0       0       0       0       0
      Totals:         0       0       0       0       0
Total ram usage:        0 bytes
 Hardware stack levels used:    1
 Hardware stack levels required when called:    1
 This function calls:
		_I2C_Hold
 This function is called by:
		_Update_Current_Date_Time
		_Set_Time_Date
 This function uses a non-reentrant model


 *************** function _I2C_Hold *****************
 Defined at:
		line 21 in file "./PIC16F877a_I2C.h"
 Parameters:    Size  Location     Type
		None
 Auto vars:     Size  Location     Type
		None
 Return value:  Size  Location     Type
                  1    wreg      void 
 Registers used:
		wreg, status,2
 Tracked objects:
		On entry : 
		On exit  : 
		Unchanged: 
 Data sizes:     COMMON   BANK0   BANK1   BANK3   BANK2
      Params:         0       0       0       0       0
      Locals:         0       0       0       0       0
      Temps:          0       0       0       0       0
      Totals:         0       0       0       0       0
Total ram usage:        0 bytes
 Hardware stack levels used:    1
 This function calls:
		Nothing
 This function is called by:
		_I2C_Begin
		_I2C_End
		_I2C_Write
		_I2C_Read
 This function uses a non-reentrant model


 *************** function _BCD_2_DEC *****************
 Defined at:
		line 16 in file "./PIC16F877a_DS3231.h"
 Parameters:    Size  Location     Type
  to_convert      2    6[COMMON] int 
 Auto vars:     Size  Location     Type
		None
 Return value:  Size  Location     Type
                  2    6[COMMON] int 
 Registers used:
		wreg, status,2, status,0, pclath, cstack
 Tracked objects:
		On entry : 
		On exit  : 
		Unchanged: 
 Data sizes:     COMMON   BANK0   BANK1   BANK3   BANK2
      Params:         2       0       0       0       0
      Locals:         0       0       0       0       0
      Temps:          2       0       0       0       0
      Totals:         4       0       0       0       0
Total ram usage:        4 bytes
 Hardware stack levels used:    1
 Hardware stack levels required when called:    1
 This function calls:
		___wmul
 This function is called by:
		_Update_Current_Date_Time
 This function uses a non-reentrant model


 *************** function ___wmul *****************
 Defined at:
		line 15 in file "E:\Applications\Microchip\xc8\v2.10\pic\sources\c90\common\Umul16.c"
 Parameters:    Size  Location     Type
  multiplier      2    0[COMMON] unsigned int 
  multiplicand    2    2[COMMON] unsigned int 
 Auto vars:     Size  Location     Type
  product         2    4[COMMON] unsigned int 
 Return value:  Size  Location     Type
                  2    0[COMMON] unsigned int 
 Registers used:
		wreg, status,2, status,0
 Tracked objects:
		On entry : 
		On exit  : 
		Unchanged: 
 Data sizes:     COMMON   BANK0   BANK1   BANK3   BANK2
      Params:         4       0       0       0       0
      Locals:         2       0       0       0       0
      Temps:          0       0       0       0       0
      Totals:         6       0       0       0       0
Total ram usage:        6 bytes
 Hardware stack levels used:    1
 This function calls:
		Nothing
 This function is called by:
		_BCD_2_DEC
 This function uses a non-reentrant model


 *************** function _I2C_Initialize *****************
 Defined at:
		line 10 in file "./PIC16F877a_I2C.h"
 Parameters:    Size  Location     Type
  feq_K           4   13[BANK0 ] const unsigned long 
 Auto vars:     Size  Location     Type
		None
 Return value:  Size  Location     Type
                  1    wreg      void 
 Registers used:
		wreg, status,2, status,0, pclath, cstack
 Tracked objects:
		On entry : 
		On exit  : 
		Unchanged: 
 Data sizes:     COMMON   BANK0   BANK1   BANK3   BANK2
      Params:         0       4       0       0       0
      Locals:         0       0       0       0       0
      Temps:          0       4       0       0       0
      Totals:         0       8       0       0       0
Total ram usage:        8 bytes
 Hardware stack levels used:    1
 Hardware stack levels required when called:    1
 This function calls:
		___lldiv
		___lmul
 This function is called by:
		_main
 This function uses a non-reentrant model


 *************** function ___lmul *****************
 Defined at:
		line 15 in file "E:\Applications\Microchip\xc8\v2.10\pic\sources\c90\common\Umul32.c"
 Parameters:    Size  Location     Type
  multiplier      4    0[COMMON] unsigned long 
  multiplicand    4    4[COMMON] unsigned long 
 Auto vars:     Size  Location     Type
  product         4    9[COMMON] unsigned long 
 Return value:  Size  Location     Type
                  4    0[COMMON] unsigned long 
 Registers used:
		wreg, status,2, status,0
 Tracked objects:
		On entry : 
		On exit  : 
		Unchanged: 
 Data sizes:     COMMON   BANK0   BANK1   BANK3   BANK2
      Params:         8       0       0       0       0
      Locals:         4       0       0       0       0
      Temps:          1       0       0       0       0
      Totals:        13       0       0       0       0
Total ram usage:       13 bytes
 Hardware stack levels used:    1
 This function calls:
		Nothing
 This function is called by:
		_I2C_Initialize
 This function uses a non-reentrant model


 *************** function ___lldiv *****************
 Defined at:
		line 5 in file "E:\Applications\Microchip\xc8\v2.10\pic\sources\c90\common\__lldiv.c"
 Parameters:    Size  Location     Type
  divisor         4    0[BANK0 ] unsigned long 
  dividend        4    4[BANK0 ] unsigned long 
 Auto vars:     Size  Location     Type
  quotient        4    8[BANK0 ] unsigned long 
  counter         1   12[BANK0 ] unsigned char 
 Return value:  Size  Location     Type
                  4    0[BANK0 ] unsigned long 
 Registers used:
		wreg, status,2, status,0
 Tracked objects:
		On entry : 
		On exit  : 
		Unchanged: 
 Data sizes:     COMMON   BANK0   BANK1   BANK3   BANK2
      Params:         0       8       0       0       0
      Locals:         0       5       0       0       0
      Temps:          1       0       0       0       0
      Totals:         1      13       0       0       0
Total ram usage:       14 bytes
 Hardware stack levels used:    1
 This function calls:
		Nothing
 This function is called by:
		_I2C_Initialize
 This function uses a non-reentrant model



MODULE INFORMATION

Module		Function		Class		Link	Load	Size
./PIC16F877a_DS3231.h
		_BCD_2_DEC     		CODE           	0303	0000	38
		_Update_Current_Date_Time		CODE           	0516	0000	229

./PIC16F877a_DS3231.h estimated size: 267

E:\Applications\Microchip\xc8\v2.10\pic\sources\c90\common\Umul16.c
		___wmul        		CODE           	02DE	0000	38

E:\Applications\Microchip\xc8\v2.10\pic\sources\c90\common\Umul16.c estimated size: 38

./PIC16F877a_I2C.h
		_I2C_Write     		CODE           	0292	0000	11
		_I2C_End       		CODE           	0289	0000	10
		_I2C_Read      		CODE           	0328	0000	46
		_I2C_Hold      		CODE           	029C	0000	14
		_I2C_Initialize		CODE           	039B	0000	84
		_I2C_Begin     		CODE           	0280	0000	10

./PIC16F877a_I2C.h estimated size: 175

E:\Applications\Microchip\xc8\v2.10\pic\sources\c90\common\Umul32.c
		___lmul        		CODE           	0355	0000	71

E:\Applications\Microchip\xc8\v2.10\pic\sources\c90\common\Umul32.c estimated size: 71

E:\Applications\Microchip\xc8\v2.10\pic\sources\c90\common\awmod.c
		___awmod       		CODE           	03EE	0000	90

E:\Applications\Microchip\xc8\v2.10\pic\sources\c90\common\awmod.c estimated size: 90

shared
		__initialization		CODE           	07E2	0000	27

shared estimated size: 27

E:\Applications\Microchip\xc8\v2.10\pic\sources\c90\common\__lldiv.c
		___lldiv       		CODE           	04AE	0000	105

E:\Applications\Microchip\xc8\v2.10\pic\sources\c90\common\__lldiv.c estimated size: 105

E:\Applications\Microchip\xc8\v2.10\pic\sources\c90\common\awdiv.c
		___awdiv       		CODE           	0447	0000	104

E:\Applications\Microchip\xc8\v2.10\pic\sources\c90\common\awdiv.c estimated size: 104

Clock.c
		_main          		CODE           	05FA	0000	489

Clock.c estimated size: 489

